
> pracctice@1.0.0 build
> next build

node.exe : ΓÜá Warning: Next.js inferred 
your workspace root, but it may not be 
correct.
At C:\Program Files\nodejs\npm.ps1:29 
char:3
+   & $NODE_EXE $NPM_CLI_JS $args
+   ~~~~~~~~~~~~~~~~~~~~~~~~~~~~~
    + CategoryInfo          : NotSpecified 
   : (ΓÜá Warning: Ne...not be correct.:S  
  tring) [], RemoteException
    + FullyQualifiedErrorId : NativeComman 
   dError
 
 We detected multiple lockfiles and 
selected the directory of 
C:\Users\vikranth 
subramanyam\package-lock.json as the root 
directory.
 To silence this warning, set 
`turbopack.root` in your Next.js config, 
or consider removing one of the lockfiles 
if it's not needed.
   See https://nextjs.org/docs/app/api-refe
rence/config/next-config-js/turbopack#root-
directory for more information.
 Detected additional lockfiles: 
   * C:\Users\vikranth subramanyam\Download
s\Pracctice\package-lock.json

Γû▓ Next.js 16.1.6 (Turbopack)
- Environments: .env.local

  Creating an optimized production build ...

> Build error occurred
Error: Turbopack build failed with 1 
errors:
./Downloads/Pracctice/src/app/layout.tsx:2:
1
Module not found: Can't resolve 
'next/font-google'
[0m [90m 1 |[39m [36mimport[39m 
[32m'./globals.css'[39m[33m;[39m
[31m[1m>[22m[39m[90m 2 |[39m 
[36mimport[39m { [33mInter[39m } 
[36mfrom[39m 
[32m'next/font-google'[39m[33m;[39m
 [90m   |[39m [31m[1m^[22m[39m[31m[
1m^[22m[39m[31m[1m^[22m[39m[31m[1m^
[22m[39m[31m[1m^[22m[39m[31m[1m^[2
2m[39m[31m[1m^[22m[39m[31m[1m^[22m
[39m[31m[1m^[22m[39m[31m[1m^[22m[39
m[31m[1m^[22m[39m[31m[1m^[22m[39m[
31m[1m^[22m[39m[31m[1m^[22m[39m[31m
[1m^[22m[39m[31m[1m^[22m[39m[31m[1
m^[22m[39m[31m[1m^[22m[39m[31m[1m^
[22m[39m[31m[1m^[22m[39m[31m[1m^[22
m[39m[31m[1m^[22m[39m[31m[1m^[22m[
39m[31m[1m^[22m[39m[31m[1m^[22m[39m
[31m[1m^[22m[39m[31m[1m^[22m[39m[3
1m[1m^[22m[39m[31m[1m^[22m[39m[31m
[1m^[22m[39m[31m[1m^[22m[39m[31m[1m
^[22m[39m[31m[1m^[22m[39m[31m[1m^[
22m[39m[31m[1m^[22m[39m[31m[1m^[22m
[39m[31m[1m^[22m[39m[31m[1m^[22m[3
9m[31m[1m^[22m[39m[31m[1m^[22m[39m
[31m[1m^[22m[39m
 [90m 3 |[39m
 [90m 4 |[39m [36mconst[39m inter 
[33m=[39m [33mInter[39m({ 
subsets[33m:[39m [[32m'latin'[39m] 
})[33m;[39m
 [90m 5 |[39m[0m

Import map: aliased to module 'next' with 
subpath '/font-google' inside of 
[project]/Downloads/Pracctice


https://nextjs.org/docs/messages/module-not
-found


    at <unknown> (./Downloads/Pracctice/src
/app/layout.tsx:2:1)
    at <unknown> (https://nextjs.org/docs/m
essages/module-not-found)
